
### VERILATING ###
verilator -Wall --trace --no-trace-params \
	  --x-assign unique --x-initial unique \
	  --top-module axi_interconnect_tb \
	  -cc ./axi_interconnect_tb.sv --exe ./axi_interconnect_tb.cpp \
	  -CFLAGS " -I/Users/my_mac/workspace/github/axi_lib/sim/bfm  -I/Users/my_mac/workspace/github/axi_lib/sim/bfm/axi" \
	   ../../../rtl/axil_interconnect.sv  ../../../rtl/if_axi.sv  ../../../rtl/if_axil.sv  ../../../rtl/axil_sc_fifo.sv  ../../../rtl/sync_fifo.v  ../../../rtl/arbiter.sv  ../../../rtl/if_axis.sv  ../../../rtl/async_fifo.v  ../../../rtl/skid_buffer.v  ../../../rtl/axi_interconnect.sv \
	  -public \
	  -Wno-PINCONNECTEMPTY -Wno-NULLPORT -Wno-PROCASSINIT \
	  -Wno-GENUNNAMED -Wno-IMPLICIT -Wno-PINNOTFOUND \
	  -Wno-PINMISSING -Wno-WIDTHEXPAND -Wno-WIDTHTRUNC \
	  -Wno-UNUSEDPARAM -Wno-SYNCASYNCNET -Wno-UNUSED \
	  -Wno-SELRANGE -Wno-DECLFILENAME -Wno-UNSIGNED \
	  -Wno-ASCRANGE -Wno-CMPCONST
- V e r i l a t i o n   R e p o r t: Verilator 5.044 2026-01-01 rev vUNKNOWN-built20260101
- Verilator: Built from 0.811 MB sources in 12 modules, into 3.183 MB in 13 C++ files needing 0.002 MB
- Verilator: Walltime 0.164 s (elab=0.015, cvt=0.109, bld=0.000); cpu 0.148 s on 1 threads; alloced 45.891 MB

### BUILDING SIM ###
/Library/Developer/CommandLineTools/usr/bin/make -C obj_dir -f Vaxi_interconnect_tb.mk Vaxi_interconnect_tb
c++  -I.  -MMD -I/opt/homebrew/Cellar/verilator/5.044/share/verilator/include -I/opt/homebrew/Cellar/verilator/5.044/share/verilator/include/vltstd -DVERILATOR=1 -DVM_COVERAGE=0 -DVM_SC=0 -DVM_TIMING=0 -DVM_TRACE=1 -DVM_TRACE_FST=0 -DVM_TRACE_VCD=1 -DVM_TRACE_SAIF=0 -faligned-new -fbracket-depth=4096 -fcf-protection=none -Xclang -fno-pch-timestamp -Qunused-arguments -Wno-bool-operation -Wno-c++11-narrowing -Wno-constant-logical-operand -Wno-int-in-bool-context -Wno-non-pod-varargs -Wno-parentheses-equality -Wno-shadow -Wno-sign-compare -Wno-tautological-bitwise-compare -Wno-tautological-compare -Wno-uninitialized -Wno-unused-but-set-parameter -Wno-unused-but-set-variable -Wno-unused-parameter -Wno-unused-variable -Wno-vla-cxx-extension    -I/Users/my_mac/workspace/github/axi_lib/sim/bfm  -I/Users/my_mac/workspace/github/axi_lib/sim/bfm/axi   -Os  -c -o axi_interconnect_tb.o ../axi_interconnect_tb.cpp
c++ -Os  -I.  -MMD -I/opt/homebrew/Cellar/verilator/5.044/share/verilator/include -I/opt/homebrew/Cellar/verilator/5.044/share/verilator/include/vltstd -DVERILATOR=1 -DVM_COVERAGE=0 -DVM_SC=0 -DVM_TIMING=0 -DVM_TRACE=1 -DVM_TRACE_FST=0 -DVM_TRACE_VCD=1 -DVM_TRACE_SAIF=0 -faligned-new -fbracket-depth=4096 -fcf-protection=none -Xclang -fno-pch-timestamp -Qunused-arguments -Wno-bool-operation -Wno-c++11-narrowing -Wno-constant-logical-operand -Wno-int-in-bool-context -Wno-non-pod-varargs -Wno-parentheses-equality -Wno-shadow -Wno-sign-compare -Wno-tautological-bitwise-compare -Wno-tautological-compare -Wno-uninitialized -Wno-unused-but-set-parameter -Wno-unused-but-set-variable -Wno-unused-parameter -Wno-unused-variable -Wno-vla-cxx-extension    -I/Users/my_mac/workspace/github/axi_lib/sim/bfm  -I/Users/my_mac/workspace/github/axi_lib/sim/bfm/axi   -c -o verilated.o /opt/homebrew/Cellar/verilator/5.044/share/verilator/include/verilated.cpp
c++ -Os  -I.  -MMD -I/opt/homebrew/Cellar/verilator/5.044/share/verilator/include -I/opt/homebrew/Cellar/verilator/5.044/share/verilator/include/vltstd -DVERILATOR=1 -DVM_COVERAGE=0 -DVM_SC=0 -DVM_TIMING=0 -DVM_TRACE=1 -DVM_TRACE_FST=0 -DVM_TRACE_VCD=1 -DVM_TRACE_SAIF=0 -faligned-new -fbracket-depth=4096 -fcf-protection=none -Xclang -fno-pch-timestamp -Qunused-arguments -Wno-bool-operation -Wno-c++11-narrowing -Wno-constant-logical-operand -Wno-int-in-bool-context -Wno-non-pod-varargs -Wno-parentheses-equality -Wno-shadow -Wno-sign-compare -Wno-tautological-bitwise-compare -Wno-tautological-compare -Wno-uninitialized -Wno-unused-but-set-parameter -Wno-unused-but-set-variable -Wno-unused-parameter -Wno-unused-variable -Wno-vla-cxx-extension    -I/Users/my_mac/workspace/github/axi_lib/sim/bfm  -I/Users/my_mac/workspace/github/axi_lib/sim/bfm/axi   -c -o verilated_vcd_c.o /opt/homebrew/Cellar/verilator/5.044/share/verilator/include/verilated_vcd_c.cpp
c++ -Os  -I.  -MMD -I/opt/homebrew/Cellar/verilator/5.044/share/verilator/include -I/opt/homebrew/Cellar/verilator/5.044/share/verilator/include/vltstd -DVERILATOR=1 -DVM_COVERAGE=0 -DVM_SC=0 -DVM_TIMING=0 -DVM_TRACE=1 -DVM_TRACE_FST=0 -DVM_TRACE_VCD=1 -DVM_TRACE_SAIF=0 -faligned-new -fbracket-depth=4096 -fcf-protection=none -Xclang -fno-pch-timestamp -Qunused-arguments -Wno-bool-operation -Wno-c++11-narrowing -Wno-constant-logical-operand -Wno-int-in-bool-context -Wno-non-pod-varargs -Wno-parentheses-equality -Wno-shadow -Wno-sign-compare -Wno-tautological-bitwise-compare -Wno-tautological-compare -Wno-uninitialized -Wno-unused-but-set-parameter -Wno-unused-but-set-variable -Wno-unused-parameter -Wno-unused-variable -Wno-vla-cxx-extension    -I/Users/my_mac/workspace/github/axi_lib/sim/bfm  -I/Users/my_mac/workspace/github/axi_lib/sim/bfm/axi   -c -o verilated_threads.o /opt/homebrew/Cellar/verilator/5.044/share/verilator/include/verilated_threads.cpp
c++ -Os  -I.  -MMD -I/opt/homebrew/Cellar/verilator/5.044/share/verilator/include -I/opt/homebrew/Cellar/verilator/5.044/share/verilator/include/vltstd -DVERILATOR=1 -DVM_COVERAGE=0 -DVM_SC=0 -DVM_TIMING=0 -DVM_TRACE=1 -DVM_TRACE_FST=0 -DVM_TRACE_VCD=1 -DVM_TRACE_SAIF=0 -faligned-new -fbracket-depth=4096 -fcf-protection=none -Xclang -fno-pch-timestamp -Qunused-arguments -Wno-bool-operation -Wno-c++11-narrowing -Wno-constant-logical-operand -Wno-int-in-bool-context -Wno-non-pod-varargs -Wno-parentheses-equality -Wno-shadow -Wno-sign-compare -Wno-tautological-bitwise-compare -Wno-tautological-compare -Wno-uninitialized -Wno-unused-but-set-parameter -Wno-unused-but-set-variable -Wno-unused-parameter -Wno-unused-variable -Wno-vla-cxx-extension    -I/Users/my_mac/workspace/github/axi_lib/sim/bfm  -I/Users/my_mac/workspace/github/axi_lib/sim/bfm/axi   -x c++-header Vaxi_interconnect_tb__pch.h -o Vaxi_interconnect_tb__pch.h.fast.gch
c++ -Os  -I.  -MMD -I/opt/homebrew/Cellar/verilator/5.044/share/verilator/include -I/opt/homebrew/Cellar/verilator/5.044/share/verilator/include/vltstd -DVERILATOR=1 -DVM_COVERAGE=0 -DVM_SC=0 -DVM_TIMING=0 -DVM_TRACE=1 -DVM_TRACE_FST=0 -DVM_TRACE_VCD=1 -DVM_TRACE_SAIF=0 -faligned-new -fbracket-depth=4096 -fcf-protection=none -Xclang -fno-pch-timestamp -Qunused-arguments -Wno-bool-operation -Wno-c++11-narrowing -Wno-constant-logical-operand -Wno-int-in-bool-context -Wno-non-pod-varargs -Wno-parentheses-equality -Wno-shadow -Wno-sign-compare -Wno-tautological-bitwise-compare -Wno-tautological-compare -Wno-uninitialized -Wno-unused-but-set-parameter -Wno-unused-but-set-variable -Wno-unused-parameter -Wno-unused-variable -Wno-vla-cxx-extension    -I/Users/my_mac/workspace/github/axi_lib/sim/bfm  -I/Users/my_mac/workspace/github/axi_lib/sim/bfm/axi   -include-pch Vaxi_interconnect_tb__pch.h.fast.gch -c -o Vaxi_interconnect_tb.o Vaxi_interconnect_tb.cpp
c++ -Os  -I.  -MMD -I/opt/homebrew/Cellar/verilator/5.044/share/verilator/include -I/opt/homebrew/Cellar/verilator/5.044/share/verilator/include/vltstd -DVERILATOR=1 -DVM_COVERAGE=0 -DVM_SC=0 -DVM_TIMING=0 -DVM_TRACE=1 -DVM_TRACE_FST=0 -DVM_TRACE_VCD=1 -DVM_TRACE_SAIF=0 -faligned-new -fbracket-depth=4096 -fcf-protection=none -Xclang -fno-pch-timestamp -Qunused-arguments -Wno-bool-operation -Wno-c++11-narrowing -Wno-constant-logical-operand -Wno-int-in-bool-context -Wno-non-pod-varargs -Wno-parentheses-equality -Wno-shadow -Wno-sign-compare -Wno-tautological-bitwise-compare -Wno-tautological-compare -Wno-uninitialized -Wno-unused-but-set-parameter -Wno-unused-but-set-variable -Wno-unused-parameter -Wno-unused-variable -Wno-vla-cxx-extension    -I/Users/my_mac/workspace/github/axi_lib/sim/bfm  -I/Users/my_mac/workspace/github/axi_lib/sim/bfm/axi   -include-pch Vaxi_interconnect_tb__pch.h.fast.gch -c -o Vaxi_interconnect_tb___024root__0.o Vaxi_interconnect_tb___024root__0.cpp
c++ -Os  -I.  -MMD -I/opt/homebrew/Cellar/verilator/5.044/share/verilator/include -I/opt/homebrew/Cellar/verilator/5.044/share/verilator/include/vltstd -DVERILATOR=1 -DVM_COVERAGE=0 -DVM_SC=0 -DVM_TIMING=0 -DVM_TRACE=1 -DVM_TRACE_FST=0 -DVM_TRACE_VCD=1 -DVM_TRACE_SAIF=0 -faligned-new -fbracket-depth=4096 -fcf-protection=none -Xclang -fno-pch-timestamp -Qunused-arguments -Wno-bool-operation -Wno-c++11-narrowing -Wno-constant-logical-operand -Wno-int-in-bool-context -Wno-non-pod-varargs -Wno-parentheses-equality -Wno-shadow -Wno-sign-compare -Wno-tautological-bitwise-compare -Wno-tautological-compare -Wno-uninitialized -Wno-unused-but-set-parameter -Wno-unused-but-set-variable -Wno-unused-parameter -Wno-unused-variable -Wno-vla-cxx-extension    -I/Users/my_mac/workspace/github/axi_lib/sim/bfm  -I/Users/my_mac/workspace/github/axi_lib/sim/bfm/axi   -include-pch Vaxi_interconnect_tb__pch.h.fast.gch -c -o Vaxi_interconnect_tb___024root__1.o Vaxi_interconnect_tb___024root__1.cpp
c++ -Os  -I.  -MMD -I/opt/homebrew/Cellar/verilator/5.044/share/verilator/include -I/opt/homebrew/Cellar/verilator/5.044/share/verilator/include/vltstd -DVERILATOR=1 -DVM_COVERAGE=0 -DVM_SC=0 -DVM_TIMING=0 -DVM_TRACE=1 -DVM_TRACE_FST=0 -DVM_TRACE_VCD=1 -DVM_TRACE_SAIF=0 -faligned-new -fbracket-depth=4096 -fcf-protection=none -Xclang -fno-pch-timestamp -Qunused-arguments -Wno-bool-operation -Wno-c++11-narrowing -Wno-constant-logical-operand -Wno-int-in-bool-context -Wno-non-pod-varargs -Wno-parentheses-equality -Wno-shadow -Wno-sign-compare -Wno-tautological-bitwise-compare -Wno-tautological-compare -Wno-uninitialized -Wno-unused-but-set-parameter -Wno-unused-but-set-variable -Wno-unused-parameter -Wno-unused-variable -Wno-vla-cxx-extension    -I/Users/my_mac/workspace/github/axi_lib/sim/bfm  -I/Users/my_mac/workspace/github/axi_lib/sim/bfm/axi   -include-pch Vaxi_interconnect_tb__pch.h.fast.gch -c -o Vaxi_interconnect_tb_if_axi__I8__0.o Vaxi_interconnect_tb_if_axi__I8__0.cpp
c++ -Os  -I.  -MMD -I/opt/homebrew/Cellar/verilator/5.044/share/verilator/include -I/opt/homebrew/Cellar/verilator/5.044/share/verilator/include/vltstd -DVERILATOR=1 -DVM_COVERAGE=0 -DVM_SC=0 -DVM_TIMING=0 -DVM_TRACE=1 -DVM_TRACE_FST=0 -DVM_TRACE_VCD=1 -DVM_TRACE_SAIF=0 -faligned-new -fbracket-depth=4096 -fcf-protection=none -Xclang -fno-pch-timestamp -Qunused-arguments -Wno-bool-operation -Wno-c++11-narrowing -Wno-constant-logical-operand -Wno-int-in-bool-context -Wno-non-pod-varargs -Wno-parentheses-equality -Wno-shadow -Wno-sign-compare -Wno-tautological-bitwise-compare -Wno-tautological-compare -Wno-uninitialized -Wno-unused-but-set-parameter -Wno-unused-but-set-variable -Wno-unused-parameter -Wno-unused-variable -Wno-vla-cxx-extension    -I/Users/my_mac/workspace/github/axi_lib/sim/bfm  -I/Users/my_mac/workspace/github/axi_lib/sim/bfm/axi   -include-pch Vaxi_interconnect_tb__pch.h.fast.gch -c -o Vaxi_interconnect_tb__Trace__0.o Vaxi_interconnect_tb__Trace__0.cpp
c++   -I.  -MMD -I/opt/homebrew/Cellar/verilator/5.044/share/verilator/include -I/opt/homebrew/Cellar/verilator/5.044/share/verilator/include/vltstd -DVERILATOR=1 -DVM_COVERAGE=0 -DVM_SC=0 -DVM_TIMING=0 -DVM_TRACE=1 -DVM_TRACE_FST=0 -DVM_TRACE_VCD=1 -DVM_TRACE_SAIF=0 -faligned-new -fbracket-depth=4096 -fcf-protection=none -Xclang -fno-pch-timestamp -Qunused-arguments -Wno-bool-operation -Wno-c++11-narrowing -Wno-constant-logical-operand -Wno-int-in-bool-context -Wno-non-pod-varargs -Wno-parentheses-equality -Wno-shadow -Wno-sign-compare -Wno-tautological-bitwise-compare -Wno-tautological-compare -Wno-uninitialized -Wno-unused-but-set-parameter -Wno-unused-but-set-variable -Wno-unused-parameter -Wno-unused-variable -Wno-vla-cxx-extension    -I/Users/my_mac/workspace/github/axi_lib/sim/bfm  -I/Users/my_mac/workspace/github/axi_lib/sim/bfm/axi   -x c++-header Vaxi_interconnect_tb__pch.h -o Vaxi_interconnect_tb__pch.h.slow.gch
c++   -I.  -MMD -I/opt/homebrew/Cellar/verilator/5.044/share/verilator/include -I/opt/homebrew/Cellar/verilator/5.044/share/verilator/include/vltstd -DVERILATOR=1 -DVM_COVERAGE=0 -DVM_SC=0 -DVM_TIMING=0 -DVM_TRACE=1 -DVM_TRACE_FST=0 -DVM_TRACE_VCD=1 -DVM_TRACE_SAIF=0 -faligned-new -fbracket-depth=4096 -fcf-protection=none -Xclang -fno-pch-timestamp -Qunused-arguments -Wno-bool-operation -Wno-c++11-narrowing -Wno-constant-logical-operand -Wno-int-in-bool-context -Wno-non-pod-varargs -Wno-parentheses-equality -Wno-shadow -Wno-sign-compare -Wno-tautological-bitwise-compare -Wno-tautological-compare -Wno-uninitialized -Wno-unused-but-set-parameter -Wno-unused-but-set-variable -Wno-unused-parameter -Wno-unused-variable -Wno-vla-cxx-extension    -I/Users/my_mac/workspace/github/axi_lib/sim/bfm  -I/Users/my_mac/workspace/github/axi_lib/sim/bfm/axi   -include-pch Vaxi_interconnect_tb__pch.h.slow.gch -c -o Vaxi_interconnect_tb___024root__Slow.o Vaxi_interconnect_tb___024root__Slow.cpp
c++   -I.  -MMD -I/opt/homebrew/Cellar/verilator/5.044/share/verilator/include -I/opt/homebrew/Cellar/verilator/5.044/share/verilator/include/vltstd -DVERILATOR=1 -DVM_COVERAGE=0 -DVM_SC=0 -DVM_TIMING=0 -DVM_TRACE=1 -DVM_TRACE_FST=0 -DVM_TRACE_VCD=1 -DVM_TRACE_SAIF=0 -faligned-new -fbracket-depth=4096 -fcf-protection=none -Xclang -fno-pch-timestamp -Qunused-arguments -Wno-bool-operation -Wno-c++11-narrowing -Wno-constant-logical-operand -Wno-int-in-bool-context -Wno-non-pod-varargs -Wno-parentheses-equality -Wno-shadow -Wno-sign-compare -Wno-tautological-bitwise-compare -Wno-tautological-compare -Wno-uninitialized -Wno-unused-but-set-parameter -Wno-unused-but-set-variable -Wno-unused-parameter -Wno-unused-variable -Wno-vla-cxx-extension    -I/Users/my_mac/workspace/github/axi_lib/sim/bfm  -I/Users/my_mac/workspace/github/axi_lib/sim/bfm/axi   -include-pch Vaxi_interconnect_tb__pch.h.slow.gch -c -o Vaxi_interconnect_tb___024root__0__Slow.o Vaxi_interconnect_tb___024root__0__Slow.cpp
c++   -I.  -MMD -I/opt/homebrew/Cellar/verilator/5.044/share/verilator/include -I/opt/homebrew/Cellar/verilator/5.044/share/verilator/include/vltstd -DVERILATOR=1 -DVM_COVERAGE=0 -DVM_SC=0 -DVM_TIMING=0 -DVM_TRACE=1 -DVM_TRACE_FST=0 -DVM_TRACE_VCD=1 -DVM_TRACE_SAIF=0 -faligned-new -fbracket-depth=4096 -fcf-protection=none -Xclang -fno-pch-timestamp -Qunused-arguments -Wno-bool-operation -Wno-c++11-narrowing -Wno-constant-logical-operand -Wno-int-in-bool-context -Wno-non-pod-varargs -Wno-parentheses-equality -Wno-shadow -Wno-sign-compare -Wno-tautological-bitwise-compare -Wno-tautological-compare -Wno-uninitialized -Wno-unused-but-set-parameter -Wno-unused-but-set-variable -Wno-unused-parameter -Wno-unused-variable -Wno-vla-cxx-extension    -I/Users/my_mac/workspace/github/axi_lib/sim/bfm  -I/Users/my_mac/workspace/github/axi_lib/sim/bfm/axi   -include-pch Vaxi_interconnect_tb__pch.h.slow.gch -c -o Vaxi_interconnect_tb___024root__1__Slow.o Vaxi_interconnect_tb___024root__1__Slow.cpp
c++   -I.  -MMD -I/opt/homebrew/Cellar/verilator/5.044/share/verilator/include -I/opt/homebrew/Cellar/verilator/5.044/share/verilator/include/vltstd -DVERILATOR=1 -DVM_COVERAGE=0 -DVM_SC=0 -DVM_TIMING=0 -DVM_TRACE=1 -DVM_TRACE_FST=0 -DVM_TRACE_VCD=1 -DVM_TRACE_SAIF=0 -faligned-new -fbracket-depth=4096 -fcf-protection=none -Xclang -fno-pch-timestamp -Qunused-arguments -Wno-bool-operation -Wno-c++11-narrowing -Wno-constant-logical-operand -Wno-int-in-bool-context -Wno-non-pod-varargs -Wno-parentheses-equality -Wno-shadow -Wno-sign-compare -Wno-tautological-bitwise-compare -Wno-tautological-compare -Wno-uninitialized -Wno-unused-but-set-parameter -Wno-unused-but-set-variable -Wno-unused-parameter -Wno-unused-variable -Wno-vla-cxx-extension    -I/Users/my_mac/workspace/github/axi_lib/sim/bfm  -I/Users/my_mac/workspace/github/axi_lib/sim/bfm/axi   -include-pch Vaxi_interconnect_tb__pch.h.slow.gch -c -o Vaxi_interconnect_tb_if_axi__I8__Slow.o Vaxi_interconnect_tb_if_axi__I8__Slow.cpp
c++   -I.  -MMD -I/opt/homebrew/Cellar/verilator/5.044/share/verilator/include -I/opt/homebrew/Cellar/verilator/5.044/share/verilator/include/vltstd -DVERILATOR=1 -DVM_COVERAGE=0 -DVM_SC=0 -DVM_TIMING=0 -DVM_TRACE=1 -DVM_TRACE_FST=0 -DVM_TRACE_VCD=1 -DVM_TRACE_SAIF=0 -faligned-new -fbracket-depth=4096 -fcf-protection=none -Xclang -fno-pch-timestamp -Qunused-arguments -Wno-bool-operation -Wno-c++11-narrowing -Wno-constant-logical-operand -Wno-int-in-bool-context -Wno-non-pod-varargs -Wno-parentheses-equality -Wno-shadow -Wno-sign-compare -Wno-tautological-bitwise-compare -Wno-tautological-compare -Wno-uninitialized -Wno-unused-but-set-parameter -Wno-unused-but-set-variable -Wno-unused-parameter -Wno-unused-variable -Wno-vla-cxx-extension    -I/Users/my_mac/workspace/github/axi_lib/sim/bfm  -I/Users/my_mac/workspace/github/axi_lib/sim/bfm/axi   -include-pch Vaxi_interconnect_tb__pch.h.slow.gch -c -o Vaxi_interconnect_tb_if_axi__I8__0__Slow.o Vaxi_interconnect_tb_if_axi__I8__0__Slow.cpp
c++   -I.  -MMD -I/opt/homebrew/Cellar/verilator/5.044/share/verilator/include -I/opt/homebrew/Cellar/verilator/5.044/share/verilator/include/vltstd -DVERILATOR=1 -DVM_COVERAGE=0 -DVM_SC=0 -DVM_TIMING=0 -DVM_TRACE=1 -DVM_TRACE_FST=0 -DVM_TRACE_VCD=1 -DVM_TRACE_SAIF=0 -faligned-new -fbracket-depth=4096 -fcf-protection=none -Xclang -fno-pch-timestamp -Qunused-arguments -Wno-bool-operation -Wno-c++11-narrowing -Wno-constant-logical-operand -Wno-int-in-bool-context -Wno-non-pod-varargs -Wno-parentheses-equality -Wno-shadow -Wno-sign-compare -Wno-tautological-bitwise-compare -Wno-tautological-compare -Wno-uninitialized -Wno-unused-but-set-parameter -Wno-unused-but-set-variable -Wno-unused-parameter -Wno-unused-variable -Wno-vla-cxx-extension    -I/Users/my_mac/workspace/github/axi_lib/sim/bfm  -I/Users/my_mac/workspace/github/axi_lib/sim/bfm/axi   -include-pch Vaxi_interconnect_tb__pch.h.slow.gch -c -o Vaxi_interconnect_tb__Syms__Slow.o Vaxi_interconnect_tb__Syms__Slow.cpp
c++   -I.  -MMD -I/opt/homebrew/Cellar/verilator/5.044/share/verilator/include -I/opt/homebrew/Cellar/verilator/5.044/share/verilator/include/vltstd -DVERILATOR=1 -DVM_COVERAGE=0 -DVM_SC=0 -DVM_TIMING=0 -DVM_TRACE=1 -DVM_TRACE_FST=0 -DVM_TRACE_VCD=1 -DVM_TRACE_SAIF=0 -faligned-new -fbracket-depth=4096 -fcf-protection=none -Xclang -fno-pch-timestamp -Qunused-arguments -Wno-bool-operation -Wno-c++11-narrowing -Wno-constant-logical-operand -Wno-int-in-bool-context -Wno-non-pod-varargs -Wno-parentheses-equality -Wno-shadow -Wno-sign-compare -Wno-tautological-bitwise-compare -Wno-tautological-compare -Wno-uninitialized -Wno-unused-but-set-parameter -Wno-unused-but-set-variable -Wno-unused-parameter -Wno-unused-variable -Wno-vla-cxx-extension    -I/Users/my_mac/workspace/github/axi_lib/sim/bfm  -I/Users/my_mac/workspace/github/axi_lib/sim/bfm/axi   -include-pch Vaxi_interconnect_tb__pch.h.slow.gch -c -o Vaxi_interconnect_tb__Trace__0__Slow.o Vaxi_interconnect_tb__Trace__0__Slow.cpp
c++   -I.  -MMD -I/opt/homebrew/Cellar/verilator/5.044/share/verilator/include -I/opt/homebrew/Cellar/verilator/5.044/share/verilator/include/vltstd -DVERILATOR=1 -DVM_COVERAGE=0 -DVM_SC=0 -DVM_TIMING=0 -DVM_TRACE=1 -DVM_TRACE_FST=0 -DVM_TRACE_VCD=1 -DVM_TRACE_SAIF=0 -faligned-new -fbracket-depth=4096 -fcf-protection=none -Xclang -fno-pch-timestamp -Qunused-arguments -Wno-bool-operation -Wno-c++11-narrowing -Wno-constant-logical-operand -Wno-int-in-bool-context -Wno-non-pod-varargs -Wno-parentheses-equality -Wno-shadow -Wno-sign-compare -Wno-tautological-bitwise-compare -Wno-tautological-compare -Wno-uninitialized -Wno-unused-but-set-parameter -Wno-unused-but-set-variable -Wno-unused-parameter -Wno-unused-variable -Wno-vla-cxx-extension    -I/Users/my_mac/workspace/github/axi_lib/sim/bfm  -I/Users/my_mac/workspace/github/axi_lib/sim/bfm/axi   -include-pch Vaxi_interconnect_tb__pch.h.slow.gch -c -o Vaxi_interconnect_tb__TraceDecls__0__Slow.o Vaxi_interconnect_tb__TraceDecls__0__Slow.cpp
c++  -Wl,-U,__Z15vl_time_stamp64v,-U,__Z13sc_time_stampv   axi_interconnect_tb.o verilated.o verilated_vcd_c.o verilated_threads.o Vaxi_interconnect_tb__ALL.a    -pthread -lpthread   -o Vaxi_interconnect_tb
rm Vaxi_interconnect_tb__ALL.verilator_deplist.tmp

### SIMULATING ###
[1;32m[INFO] [AXI-SLV] INCR WR success ![0m
[INFO] ADDR:0x1010  LEN:0  SIZE:8  ID:0x40
0x00001010 - 01 00 a5 a5 00 00 00 00 
[1;32m[INFO] [AXI-SLV] INCR WR success ![0m
[INFO] ADDR:0x0  LEN:0  SIZE:8  ID:0x20
0x00000000 - 02 00 a5 a5 00 00 00 00 
[1;32m[INFO] [AXI-SLV] INCR WR success ![0m
[INFO] ADDR:0x3010  LEN:0  SIZE:8  ID:0x10
0x00003010 - 03 00 a5 a5 00 00 00 00 
[1;32m[INFO] [AXI-SLV] INCR WR success ![0m
[INFO] ADDR:0x0  LEN:0  SIZE:8  ID:0x80
0x00000000 - 00 00 a5 a5 00 00 00 00 
[1;32m[INFO] [AXI-MST] INCR WR success ![0m
[INFO] ADDR:0x1010  LEN:0  SIZE:8  ID:0x40
0x00001010 - 01 00 a5 a5 00 00 00 00 
[1;32m[INFO] [AXI-MST] INCR WR success ![0m
[INFO] ADDR:0x2010  LEN:0  SIZE:8  ID:0x20
0x00002010 - 02 00 a5 a5 00 00 00 00 
[1;32m[INFO] [AXI-MST] INCR WR success ![0m
[INFO] ADDR:0x3010  LEN:0  SIZE:8  ID:0x10
0x00003010 - 03 00 a5 a5 00 00 00 00 
[1;32m[INFO] [AXI-MST] INCR WR success ![0m
[INFO] ADDR:0x10  LEN:0  SIZE:8  ID:0x80
0x00000010 - 00 00 a5 a5 00 00 00 00 
[1;32m[INFO] [AXI-SLV] INCR RD success ![0m
[INFO] ADDR:0x1010  LEN:0  SIZE:8  ID:0x40
0x00001010 - 01 00 a5 a5 00 00 00 00 
[1;32m[INFO] [AXI-SLV] INCR RD success ![0m
[INFO] ADDR:0x0  LEN:0  SIZE:8  ID:0x20
0x00000000 - 02 00 a5 a5 00 00 00 00 
[1;32m[INFO] [AXI-SLV] INCR RD success ![0m
[INFO] ADDR:0x3010  LEN:0  SIZE:8  ID:0x10
0x00003010 - 03 00 a5 a5 00 00 00 00 
[1;32m[INFO] [AXI-SLV] INCR RD success ![0m
[INFO] ADDR:0x0  LEN:0  SIZE:8  ID:0x80
0x00000000 - 00 00 a5 a5 00 00 00 00 
[1;32m[INFO] [AXI-MST] INCR RD success ![0m
[INFO] ADDR:0x1010  LEN:0  SIZE:8  ID:0x40
0x00001010 - 01 00 a5 a5 00 00 00 00 
[1;32m[INFO] [AXI-MST] INCR RD success ![0m
[INFO] ADDR:0x2010  LEN:0  SIZE:8  ID:0x20
0x00002010 - 02 00 a5 a5 00 00 00 00 
[1;32m[INFO] [AXI-MST] INCR RD success ![0m
[INFO] ADDR:0x3010  LEN:0  SIZE:8  ID:0x10
0x00003010 - 03 00 a5 a5 00 00 00 00 
[1;32m[INFO] [AXI-MST] INCR RD success ![0m
[INFO] ADDR:0x10  LEN:0  SIZE:8  ID:0x80
0x00000010 - 00 00 a5 a5 00 00 00 00 
[1;32m[INFO] [AXI-SLV] INCR WR success ![0m
[INFO] ADDR:0x0  LEN:3  SIZE:32  ID:0x80
0x00000000 - 10 11 12 13 14 15 16 17 18 19 1a 1b 1c 1d 1e 1f 
0x00000010 - 20 21 22 23 24 25 26 27 28 29 2a 2b 2c 2d 2e 2f 
[1;32m[INFO] [AXI-MST] INCR WR success ![0m
[INFO] ADDR:0x40  LEN:3  SIZE:32  ID:0x80
0x00000040 - 10 11 12 13 14 15 16 17 18 19 1a 1b 1c 1d 1e 1f 
0x00000050 - 20 21 22 23 24 25 26 27 28 29 2a 2b 2c 2d 2e 2f 
[mem_eq fail] addr=0x40 got=0x0 exp=0x10
[1;32m[INFO] [AXI-SLV] INCR RD success ![0m
[INFO] ADDR:0x0  LEN:3  SIZE:32  ID:0x80
0x00000000 - 10 11 12 13 14 15 16 17 18 19 1a 1b 1c 1d 1e 1f 
0x00000010 - 20 21 22 23 24 25 26 27 28 29 2a 2b 2c 2d 2e 2f 
[1;32m[INFO] [AXI-MST] INCR RD success ![0m
[INFO] ADDR:0x40  LEN:3  SIZE:32  ID:0x80
0x00000040 - 10 11 12 13 14 15 16 17 18 19 1a 1b 1c 1d 1e 1f 
0x00000050 - 20 21 22 23 24 25 26 27 28 29 2a 2b 2c 2d 2e 2f 
[1;32m[INFO] [AXI-SLV] FIXED WR success ![0m
[INFO] ADDR:0x1180  LEN:2  SIZE:24  ID:0x40
0x00001180 - a0 a0 a0 a0 a0 a0 a0 a0 b0 b0 b0 b0 b0 b0 b0 b0 
0x00001190 - c0 c0 c0 c0 c0 c0 c0 c0 
[1;32m[INFO] [AXI-MST] FIXED WR success ![0m
[INFO] ADDR:0x1180  LEN:2  SIZE:24  ID:0x40
0x00001180 - a0 a0 a0 a0 a0 a0 a0 a0 b0 b0 b0 b0 b0 b0 b0 b0 
0x00001190 - c0 c0 c0 c0 c0 c0 c0 c0 
[1;32m[INFO] [AXI-SLV] FIXED RD success ![0m
[INFO] ADDR:0x1180  LEN:2  SIZE:24  ID:0x40
0x00001180 - c0 c0 c0 c0 c0 c0 c0 c0 c0 c0 c0 c0 c0 c0 c0 c0 
0x00001190 - c0 c0 c0 c0 c0 c0 c0 c0 
[1;32m[INFO] [AXI-MST] FIXED RD success ![0m
[INFO] ADDR:0x1180  LEN:2  SIZE:24  ID:0x40
0x00001180 - c0 c0 c0 c0 c0 c0 c0 c0 c0 c0 c0 c0 c0 c0 c0 c0 
0x00001190 - c0 c0 c0 c0 c0 c0 c0 c0 
[1;32m[INFO] [AXI-SLV] WRAP WR success ![0m
[INFO] ADDR:0x0  LEN:3  SIZE:32  ID:0x20
0x00000000 - 01 02 03 04 05 06 07 08 09 0a 0b 0c 0d 0e 0f 10 
0x00000010 - 11 12 13 14 15 16 17 18 19 1a 1b 1c 1d 1e 1f 20 
[1;32m[INFO] [AXI-MST] WRAP WR success ![0m
[INFO] ADDR:0x21c0  LEN:3  SIZE:32  ID:0x20
0x000021c0 - 01 02 03 04 05 06 07 08 09 0a 0b 0c 0d 0e 0f 10 
0x000021d0 - 11 12 13 14 15 16 17 18 19 1a 1b 1c 1d 1e 1f 20 
[mem_eq fail] addr=0x21c0 got=0x0 exp=0x1
[1;32m[INFO] [AXI-SLV] WRAP RD success ![0m
[INFO] ADDR:0x0  LEN:3  SIZE:32  ID:0x20
0x00000000 - 01 02 03 04 05 06 07 08 09 0a 0b 0c 0d 0e 0f 10 
0x00000010 - 11 12 13 14 15 16 17 18 19 1a 1b 1c 1d 1e 1f 20 
[1;32m[INFO] [AXI-MST] WRAP RD success ![0m
[INFO] ADDR:0x21c0  LEN:3  SIZE:32  ID:0x20
0x000021c0 - 01 02 03 04 05 06 07 08 09 0a 0b 0c 0d 0e 0f 10 
0x000021d0 - 11 12 13 14 15 16 17 18 19 1a 1b 1c 1d 1e 1f 20 
[1;32m[INFO] [AXI-SLV] INCR WR success ![0m
[INFO] ADDR:0x3040  LEN:1  SIZE:16  ID:0x10
0x00003040 - 70 71 72 73 74 75 76 77 78 79 7a 7b 7c 7d 7e 7f 
[1;32m[INFO] [AXI-MST] INCR WR success ![0m
[INFO] ADDR:0x3040  LEN:1  SIZE:16  ID:0x10
0x00003040 - 70 71 72 73 74 75 76 77 78 79 7a 7b 7c 7d 7e 7f 
[1;32m[INFO] [AXI-SLV] INCR RD success ![0m
[INFO] ADDR:0x3040  LEN:1  SIZE:16  ID:0x10
0x00003040 - 70 71 72 73 74 75 76 77 78 79 7a 7b 7c 7d 7e 7f 
[1;32m[INFO] [AXI-MST] INCR RD success ![0m
[INFO] ADDR:0x3040  LEN:1  SIZE:16  ID:0x10
0x00003040 - 70 71 72 73 74 75 76 77 78 79 7a 7b 7c 7d 7e 7f 
[1;32m[INFO] [AXI-SLV] INCR WR success ![0m
[INFO] ADDR:0x0  LEN:7  SIZE:64  ID:0x80
0x00000000 - 5a 5b 5c 5d 5e 5f 60 61 62 63 64 65 66 67 68 69 
0x00000010 - 6a 6b 6c 6d 6e 6f 70 71 72 73 74 75 76 77 78 79 
0x00000020 - 7a 7b 7c 7d 7e 7f 80 81 82 83 84 85 86 87 88 89 
0x00000030 - 8a 8b 8c 8d 8e 8f 90 91 92 93 94 95 96 97 98 99 
[1;32m[INFO] [AXI-MST] INCR WR success ![0m
[INFO] ADDR:0x2050  LEN:7  SIZE:64  ID:0x80
0x00002050 - 5a 5b 5c 5d 5e 5f 60 61 62 63 64 65 66 67 68 69 
0x00002060 - 6a 6b 6c 6d 6e 6f 70 71 72 73 74 75 76 77 78 79 
0x00002070 - 7a 7b 7c 7d 7e 7f 80 81 82 83 84 85 86 87 88 89 
0x00002080 - 8a 8b 8c 8d 8e 8f 90 91 92 93 94 95 96 97 98 99 
[mem_eq fail] addr=0x2050 got=0x0 exp=0x5a
[1;32m[INFO] [AXI-SLV] INCR RD success ![0m
[INFO] ADDR:0x0  LEN:7  SIZE:64  ID:0x80
0x00000000 - 5a 5b 5c 5d 5e 5f 60 61 62 63 64 65 66 67 68 69 
0x00000010 - 6a 6b 6c 6d 6e 6f 70 71 72 73 74 75 76 77 78 79 
0x00000020 - 7a 7b 7c 7d 7e 7f 80 81 82 83 84 85 86 87 88 89 
0x00000030 - 8a 8b 8c 8d 8e 8f 90 91 92 93 94 95 96 97 98 99 
[1;32m[INFO] [AXI-MST] INCR RD success ![0m
[INFO] ADDR:0x2050  LEN:7  SIZE:64  ID:0x80
0x00002050 - 5a 5b 5c 5d 5e 5f 60 61 62 63 64 65 66 67 68 69 
0x00002060 - 6a 6b 6c 6d 6e 6f 70 71 72 73 74 75 76 77 78 79 
0x00002070 - 7a 7b 7c 7d 7e 7f 80 81 82 83 84 85 86 87 88 89 
0x00002080 - 8a 8b 8c 8d 8e 8f 90 91 92 93 94 95 96 97 98 99 
[1;32m[INFO] [AXI-SLV] FIXED WR success ![0m
[INFO] ADDR:0x1100  LEN:0  SIZE:8  ID:0x40
0x00001100 - 52 53 54 55 56 57 58 59 
[1;32m[INFO] [AXI-SLV] FIXED WR success ![0m
[INFO] ADDR:0x0  LEN:0  SIZE:8  ID:0x20
0x00000000 - 53 54 55 56 57 58 59 5a 
[1;32m[INFO] [AXI-SLV] FIXED WR success ![0m
[INFO] ADDR:0x3100  LEN:0  SIZE:8  ID:0x10
0x00003100 - 54 55 56 57 58 59 5a 5b 
[1;32m[INFO] [AXI-SLV] FIXED WR success ![0m
[INFO] ADDR:0x0  LEN:0  SIZE:8  ID:0x80
0x00000000 - 51 52 53 54 55 56 57 58 
[1;32m[INFO] [AXI-MST] FIXED WR success ![0m
[INFO] ADDR:0x1100  LEN:0  SIZE:8  ID:0x40
0x00001100 - 52 53 54 55 56 57 58 59 
[1;32m[INFO] [AXI-MST] FIXED WR success ![0m
[INFO] ADDR:0x2100  LEN:0  SIZE:8  ID:0x20
0x00002100 - 53 54 55 56 57 58 59 5a 
[1;32m[INFO] [AXI-MST] FIXED WR success ![0m
[INFO] ADDR:0x3100  LEN:0  SIZE:8  ID:0x10
0x00003100 - 54 55 56 57 58 59 5a 5b 
[1;32m[INFO] [AXI-MST] FIXED WR success ![0m
[INFO] ADDR:0x100  LEN:0  SIZE:8  ID:0x80
0x00000100 - 51 52 53 54 55 56 57 58 
[mem_eq fail] addr=0x100 got=0x0 exp=0x51
[mem_eq fail] addr=0x2100 got=0x0 exp=0x53
[1;32m[INFO] [AXI-SLV] FIXED RD success ![0m
[INFO] ADDR:0x1100  LEN:0  SIZE:8  ID:0x40
0x00001100 - 52 53 54 55 56 57 58 59 
[1;32m[INFO] [AXI-SLV] FIXED RD success ![0m
[INFO] ADDR:0x0  LEN:0  SIZE:8  ID:0x20
0x00000000 - 53 54 55 56 57 58 59 5a 
[1;32m[INFO] [AXI-SLV] FIXED RD success ![0m
[INFO] ADDR:0x3100  LEN:0  SIZE:8  ID:0x10
0x00003100 - 54 55 56 57 58 59 5a 5b 
[1;32m[INFO] [AXI-SLV] FIXED RD success ![0m
[INFO] ADDR:0x0  LEN:0  SIZE:8  ID:0x80
0x00000000 - 51 52 53 54 55 56 57 58 
[1;32m[INFO] [AXI-MST] FIXED RD success ![0m
[INFO] ADDR:0x1100  LEN:0  SIZE:8  ID:0x40
0x00001100 - 52 53 54 55 56 57 58 59 
[1;32m[INFO] [AXI-MST] FIXED RD success ![0m
[INFO] ADDR:0x2100  LEN:0  SIZE:8  ID:0x20
0x00002100 - 53 54 55 56 57 58 59 5a 
[1;32m[INFO] [AXI-MST] FIXED RD success ![0m
[INFO] ADDR:0x3100  LEN:0  SIZE:8  ID:0x10
0x00003100 - 54 55 56 57 58 59 5a 5b 
[1;32m[INFO] [AXI-MST] FIXED RD success ![0m
[INFO] ADDR:0x100  LEN:0  SIZE:8  ID:0x80
0x00000100 - 51 52 53 54 55 56 57 58 
pass 17 fail 5 FAIL
make: *** [waveform.vcd] Error 1
