[1;32m[INFO] [AXI-SLV] INCR WR success ![0m
[INFO] ADDR:0x1010  LEN:0  SIZE:8  ID:0x40
0x00001010 - 01 00 a5 a5 00 00 00 00 
[1;32m[INFO] [AXI-SLV] INCR WR success ![0m
[INFO] ADDR:0x0  LEN:0  SIZE:8  ID:0x20
0x00000000 - 02 00 a5 a5 00 00 00 00 
[1;32m[INFO] [AXI-SLV] INCR WR success ![0m
[INFO] ADDR:0x3010  LEN:0  SIZE:8  ID:0x10
0x00003010 - 03 00 a5 a5 00 00 00 00 
[1;32m[INFO] [AXI-SLV] INCR WR success ![0m
[INFO] ADDR:0x0  LEN:0  SIZE:8  ID:0x80
0x00000000 - 00 00 a5 a5 00 00 00 00 
[1;32m[INFO] [AXI-MST] INCR WR success ![0m
[INFO] ADDR:0x1010  LEN:0  SIZE:8  ID:0x40
0x00001010 - 01 00 a5 a5 00 00 00 00 
[1;32m[INFO] [AXI-MST] INCR WR success ![0m
[INFO] ADDR:0x2010  LEN:0  SIZE:8  ID:0x20
0x00002010 - 02 00 a5 a5 00 00 00 00 
[1;32m[INFO] [AXI-MST] INCR WR success ![0m
[INFO] ADDR:0x3010  LEN:0  SIZE:8  ID:0x10
0x00003010 - 03 00 a5 a5 00 00 00 00 
[1;32m[INFO] [AXI-MST] INCR WR success ![0m
[INFO] ADDR:0x10  LEN:0  SIZE:8  ID:0x80
0x00000010 - 00 00 a5 a5 00 00 00 00 
[1;32m[INFO] [AXI-SLV] INCR RD success ![0m
[INFO] ADDR:0x1010  LEN:0  SIZE:8  ID:0x40
0x00001010 - 01 00 a5 a5 00 00 00 00 
[1;32m[INFO] [AXI-SLV] INCR RD success ![0m
[INFO] ADDR:0x0  LEN:0  SIZE:8  ID:0x20
0x00000000 - 02 00 a5 a5 00 00 00 00 
[1;32m[INFO] [AXI-SLV] INCR RD success ![0m
[INFO] ADDR:0x3010  LEN:0  SIZE:8  ID:0x10
0x00003010 - 03 00 a5 a5 00 00 00 00 
[1;32m[INFO] [AXI-SLV] INCR RD success ![0m
[INFO] ADDR:0x0  LEN:0  SIZE:8  ID:0x80
0x00000000 - 00 00 a5 a5 00 00 00 00 
[1;32m[INFO] [AXI-MST] INCR RD success ![0m
[INFO] ADDR:0x1010  LEN:0  SIZE:8  ID:0x40
0x00001010 - 01 00 a5 a5 00 00 00 00 
[1;32m[INFO] [AXI-MST] INCR RD success ![0m
[INFO] ADDR:0x2010  LEN:0  SIZE:8  ID:0x20
0x00002010 - 02 00 a5 a5 00 00 00 00 
[1;32m[INFO] [AXI-MST] INCR RD success ![0m
[INFO] ADDR:0x3010  LEN:0  SIZE:8  ID:0x10
0x00003010 - 03 00 a5 a5 00 00 00 00 
[1;32m[INFO] [AXI-MST] INCR RD success ![0m
[INFO] ADDR:0x10  LEN:0  SIZE:8  ID:0x80
0x00000010 - 00 00 a5 a5 00 00 00 00 
[1;32m[INFO] [AXI-SLV] INCR WR success ![0m
[INFO] ADDR:0x0  LEN:3  SIZE:32  ID:0x80
0x00000000 - 10 11 12 13 14 15 16 17 18 19 1a 1b 1c 1d 1e 1f 
0x00000010 - 20 21 22 23 24 25 26 27 28 29 2a 2b 2c 2d 2e 2f 
[1;32m[INFO] [AXI-MST] INCR WR success ![0m
[INFO] ADDR:0x40  LEN:3  SIZE:32  ID:0x80
0x00000040 - 10 11 12 13 14 15 16 17 18 19 1a 1b 1c 1d 1e 1f 
0x00000050 - 20 21 22 23 24 25 26 27 28 29 2a 2b 2c 2d 2e 2f 
[1;32m[INFO] [AXI-SLV] INCR RD success ![0m
[INFO] ADDR:0x0  LEN:3  SIZE:32  ID:0x80
0x00000000 - 10 11 12 13 14 15 16 17 18 19 1a 1b 1c 1d 1e 1f 
0x00000010 - 20 21 22 23 24 25 26 27 28 29 2a 2b 2c 2d 2e 2f 
[1;32m[INFO] [AXI-MST] INCR RD success ![0m
[INFO] ADDR:0x40  LEN:3  SIZE:32  ID:0x80
0x00000040 - 10 11 12 13 14 15 16 17 18 19 1a 1b 1c 1d 1e 1f 
0x00000050 - 20 21 22 23 24 25 26 27 28 29 2a 2b 2c 2d 2e 2f 
[1;32m[INFO] [AXI-SLV] FIXED WR success ![0m
[INFO] ADDR:0x1180  LEN:2  SIZE:24  ID:0x40
0x00001180 - a0 a0 a0 a0 a0 a0 a0 a0 b0 b0 b0 b0 b0 b0 b0 b0 
0x00001190 - c0 c0 c0 c0 c0 c0 c0 c0 
[1;32m[INFO] [AXI-MST] FIXED WR success ![0m
[INFO] ADDR:0x1180  LEN:2  SIZE:24  ID:0x40
0x00001180 - a0 a0 a0 a0 a0 a0 a0 a0 b0 b0 b0 b0 b0 b0 b0 b0 
0x00001190 - c0 c0 c0 c0 c0 c0 c0 c0 
[1;32m[INFO] [AXI-SLV] FIXED RD success ![0m
[INFO] ADDR:0x1180  LEN:2  SIZE:24  ID:0x40
0x00001180 - c0 c0 c0 c0 c0 c0 c0 c0 c0 c0 c0 c0 c0 c0 c0 c0 
0x00001190 - c0 c0 c0 c0 c0 c0 c0 c0 
[1;32m[INFO] [AXI-MST] FIXED RD success ![0m
[INFO] ADDR:0x1180  LEN:2  SIZE:24  ID:0x40
0x00001180 - c0 c0 c0 c0 c0 c0 c0 c0 c0 c0 c0 c0 c0 c0 c0 c0 
0x00001190 - c0 c0 c0 c0 c0 c0 c0 c0 
[1;32m[INFO] [AXI-SLV] WRAP WR success ![0m
[INFO] ADDR:0x0  LEN:3  SIZE:32  ID:0x20
0x00000000 - 01 02 03 04 05 06 07 08 09 0a 0b 0c 0d 0e 0f 10 
0x00000010 - 11 12 13 14 15 16 17 18 19 1a 1b 1c 1d 1e 1f 20 
[1;32m[INFO] [AXI-MST] WRAP WR success ![0m
[INFO] ADDR:0x21c0  LEN:3  SIZE:32  ID:0x20
0x000021c0 - 01 02 03 04 05 06 07 08 09 0a 0b 0c 0d 0e 0f 10 
0x000021d0 - 11 12 13 14 15 16 17 18 19 1a 1b 1c 1d 1e 1f 20 
[1;32m[INFO] [AXI-SLV] WRAP RD success ![0m
[INFO] ADDR:0x0  LEN:3  SIZE:32  ID:0x20
0x00000000 - 01 02 03 04 05 06 07 08 09 0a 0b 0c 0d 0e 0f 10 
0x00000010 - 11 12 13 14 15 16 17 18 19 1a 1b 1c 1d 1e 1f 20 
[1;32m[INFO] [AXI-MST] WRAP RD success ![0m
[INFO] ADDR:0x21c0  LEN:3  SIZE:32  ID:0x20
0x000021c0 - 01 02 03 04 05 06 07 08 09 0a 0b 0c 0d 0e 0f 10 
0x000021d0 - 11 12 13 14 15 16 17 18 19 1a 1b 1c 1d 1e 1f 20 
[1;32m[INFO] [AXI-SLV] INCR WR success ![0m
[INFO] ADDR:0x3040  LEN:1  SIZE:16  ID:0x10
0x00003040 - 70 71 72 73 74 75 76 77 78 79 7a 7b 7c 7d 7e 7f 
[1;32m[INFO] [AXI-MST] INCR WR success ![0m
[INFO] ADDR:0x3040  LEN:1  SIZE:16  ID:0x10
0x00003040 - 70 71 72 73 74 75 76 77 78 79 7a 7b 7c 7d 7e 7f 
[1;32m[INFO] [AXI-SLV] INCR RD success ![0m
[INFO] ADDR:0x3040  LEN:1  SIZE:16  ID:0x10
0x00003040 - 70 71 72 73 74 75 76 77 78 79 7a 7b 7c 7d 7e 7f 
[1;32m[INFO] [AXI-MST] INCR RD success ![0m
[INFO] ADDR:0x3040  LEN:1  SIZE:16  ID:0x10
0x00003040 - 70 71 72 73 74 75 76 77 78 79 7a 7b 7c 7d 7e 7f 
[1;32m[INFO] [AXI-SLV] INCR WR success ![0m
[INFO] ADDR:0x0  LEN:7  SIZE:64  ID:0x80
0x00000000 - 5a 5b 5c 5d 5e 5f 60 61 62 63 64 65 66 67 68 69 
0x00000010 - 6a 6b 6c 6d 6e 6f 70 71 72 73 74 75 76 77 78 79 
0x00000020 - 7a 7b 7c 7d 7e 7f 80 81 82 83 84 85 86 87 88 89 
0x00000030 - 8a 8b 8c 8d 8e 8f 90 91 92 93 94 95 96 97 98 99 
[1;32m[INFO] [AXI-MST] INCR WR success ![0m
[INFO] ADDR:0x2050  LEN:7  SIZE:64  ID:0x80
0x00002050 - 5a 5b 5c 5d 5e 5f 60 61 62 63 64 65 66 67 68 69 
0x00002060 - 6a 6b 6c 6d 6e 6f 70 71 72 73 74 75 76 77 78 79 
0x00002070 - 7a 7b 7c 7d 7e 7f 80 81 82 83 84 85 86 87 88 89 
0x00002080 - 8a 8b 8c 8d 8e 8f 90 91 92 93 94 95 96 97 98 99 
[1;32m[INFO] [AXI-SLV] INCR RD success ![0m
[INFO] ADDR:0x0  LEN:7  SIZE:64  ID:0x80
0x00000000 - 5a 5b 5c 5d 5e 5f 60 61 62 63 64 65 66 67 68 69 
0x00000010 - 6a 6b 6c 6d 6e 6f 70 71 72 73 74 75 76 77 78 79 
0x00000020 - 7a 7b 7c 7d 7e 7f 80 81 82 83 84 85 86 87 88 89 
0x00000030 - 8a 8b 8c 8d 8e 8f 90 91 92 93 94 95 96 97 98 99 
[1;32m[INFO] [AXI-MST] INCR RD success ![0m
[INFO] ADDR:0x2050  LEN:7  SIZE:64  ID:0x80
0x00002050 - 5a 5b 5c 5d 5e 5f 60 61 62 63 64 65 66 67 68 69 
0x00002060 - 6a 6b 6c 6d 6e 6f 70 71 72 73 74 75 76 77 78 79 
0x00002070 - 7a 7b 7c 7d 7e 7f 80 81 82 83 84 85 86 87 88 89 
0x00002080 - 8a 8b 8c 8d 8e 8f 90 91 92 93 94 95 96 97 98 99 
[1;32m[INFO] [AXI-SLV] FIXED WR success ![0m
[INFO] ADDR:0x1100  LEN:0  SIZE:8  ID:0x40
0x00001100 - 52 53 54 55 56 57 58 59 
[1;32m[INFO] [AXI-SLV] FIXED WR success ![0m
[INFO] ADDR:0x0  LEN:0  SIZE:8  ID:0x20
0x00000000 - 53 54 55 56 57 58 59 5a 
[1;32m[INFO] [AXI-SLV] FIXED WR success ![0m
[INFO] ADDR:0x3100  LEN:0  SIZE:8  ID:0x10
0x00003100 - 54 55 56 57 58 59 5a 5b 
[1;32m[INFO] [AXI-SLV] FIXED WR success ![0m
[INFO] ADDR:0x0  LEN:0  SIZE:8  ID:0x80
0x00000000 - 51 52 53 54 55 56 57 58 
[1;32m[INFO] [AXI-MST] FIXED WR success ![0m
[INFO] ADDR:0x1100  LEN:0  SIZE:8  ID:0x40
0x00001100 - 52 53 54 55 56 57 58 59 
[1;32m[INFO] [AXI-MST] FIXED WR success ![0m
[INFO] ADDR:0x2100  LEN:0  SIZE:8  ID:0x20
0x00002100 - 53 54 55 56 57 58 59 5a 
[1;32m[INFO] [AXI-MST] FIXED WR success ![0m
[INFO] ADDR:0x3100  LEN:0  SIZE:8  ID:0x10
0x00003100 - 54 55 56 57 58 59 5a 5b 
[1;32m[INFO] [AXI-MST] FIXED WR success ![0m
[INFO] ADDR:0x100  LEN:0  SIZE:8  ID:0x80
0x00000100 - 51 52 53 54 55 56 57 58 
[1;32m[INFO] [AXI-SLV] FIXED RD success ![0m
[INFO] ADDR:0x1100  LEN:0  SIZE:8  ID:0x40
0x00001100 - 52 53 54 55 56 57 58 59 
[1;32m[INFO] [AXI-SLV] FIXED RD success ![0m
[INFO] ADDR:0x0  LEN:0  SIZE:8  ID:0x20
0x00000000 - 53 54 55 56 57 58 59 5a 
[1;32m[INFO] [AXI-SLV] FIXED RD success ![0m
[INFO] ADDR:0x3100  LEN:0  SIZE:8  ID:0x10
0x00003100 - 54 55 56 57 58 59 5a 5b 
[1;32m[INFO] [AXI-SLV] FIXED RD success ![0m
[INFO] ADDR:0x0  LEN:0  SIZE:8  ID:0x80
0x00000000 - 51 52 53 54 55 56 57 58 
[1;32m[INFO] [AXI-MST] FIXED RD success ![0m
[INFO] ADDR:0x1100  LEN:0  SIZE:8  ID:0x40
0x00001100 - 52 53 54 55 56 57 58 59 
[1;32m[INFO] [AXI-MST] FIXED RD success ![0m
[INFO] ADDR:0x2100  LEN:0  SIZE:8  ID:0x20
0x00002100 - 53 54 55 56 57 58 59 5a 
[1;32m[INFO] [AXI-MST] FIXED RD success ![0m
[INFO] ADDR:0x3100  LEN:0  SIZE:8  ID:0x10
0x00003100 - 54 55 56 57 58 59 5a 5b 
[1;32m[INFO] [AXI-MST] FIXED RD success ![0m
[INFO] ADDR:0x100  LEN:0  SIZE:8  ID:0x80
0x00000100 - 51 52 53 54 55 56 57 58 
pass 17 fail 5 FAIL
